// Jest Snapshot v1, https://goo.gl/fbAQLP

exports[`AbstractModel constructor init model with valid store 1`] = `
TestModelWithId {
  "id": 0,
  "store": TestStoreWithModelsWithId {
    "rootStore": RootStore {
      "financeActionsStore": FinanceActionsStore {
        "rootStore": [Circular],
      },
    },
  },
}
`;
