// Jest Snapshot v1, https://goo.gl/fbAQLP

exports[`BalanceRowDecorator constructor init valid object 1`] = `
BalanceRowDecorator {
  "wrappee": FinanceActionModel {
    "action_id": 42137510,
    "action_state": "processing",
    "action_type": undefined,
    "campaign_id": 101,
    "campaign_name": "Hotellook",
    "created_at": "2020-01-11 05:20:34",
    "description": "Bangkok(Thailand); Picnic Hotel Bangkok - Rang Nam; 2020-01-17 - 2020-01-18; Booking.com",
    "id": 42137510,
    "marker": "",
    "price": 1000,
    "profit_diff": 18.84,
    "source": "hotel",
    "store": FinanceActionsStore {
      "currentModel": null,
      "models": Array [
        [Circular],
        FinanceActionModel {
          "action_id": 9356842076,
          "action_state": "paid",
          "action_type": undefined,
          "campaign_id": 100,
          "campaign_name": "Aviasales / Jetradar",
          "created_at": "2020-01-11 07:10:46",
          "description": "Oneway: Bangkok(BKK) - Phuket(HKT); 2020-01-18; Trip.com; Economy; 1 Adult",
          "id": 9356842076,
          "marker": "",
          "price": 2670,
          "profit_diff": 0,
          "source": "avia",
          "store": [Circular],
          "total_profit": 24.02,
          "updated_at": "2020-01-11 07:10:46",
        },
        FinanceActionModel {
          "action_id": 5215570805,
          "action_state": "paid",
          "action_type": undefined,
          "campaign_id": 52,
          "campaign_name": "Autoeurope.ru",
          "created_at": "2018-12-30 00:00:00",
          "description": "client IANCHUK in LOS ANGELES US for 4 days, 2019-01-05 drop_off_date",
          "id": 5215570805,
          "marker": "",
          "price": 10064.82,
          "profit_diff": 0,
          "source": "klit",
          "store": [Circular],
          "total_profit": 0,
          "updated_at": "2020-01-05 04:34:12",
        },
        FinanceActionModel {
          "action_id": 9238550173,
          "action_state": "processing",
          "action_type": undefined,
          "campaign_id": 100,
          "campaign_name": "Aviasales / Jetradar",
          "created_at": "2020-01-02 13:34:19",
          "description": "Oneway: Phuket(HKT) - Bangkok(BKK); 2020-01-17; Trip.com; Economy; 2 Adults",
          "id": 9238550173,
          "marker": "",
          "price": 5954,
          "profit_diff": 0,
          "source": "avia",
          "store": [Circular],
          "total_profit": 0,
          "updated_at": "2020-01-02 13:48:16",
        },
        FinanceActionModel {
          "action_id": 7936634528,
          "action_state": "paid",
          "action_type": undefined,
          "campaign_id": 100,
          "campaign_name": "Aviasales / Jetradar",
          "created_at": "2019-10-10 14:07:08",
          "description": "Expedia",
          "id": 7936634528,
          "marker": "",
          "price": 21446,
          "profit_diff": 0,
          "source": "avia",
          "store": [Circular],
          "total_profit": 77.99,
          "updated_at": "2019-12-28 00:26:06",
        },
        FinanceActionModel {
          "action_id": 41598928,
          "action_state": "paid",
          "action_type": undefined,
          "campaign_id": 101,
          "campaign_name": "Hotellook",
          "created_at": "2019-10-22 11:52:44",
          "description": "Shanghai(China); MOJU HOTEL; 2019-10-24 - 2019-10-27; Booking.com",
          "id": 41598928,
          "marker": "",
          "price": null,
          "profit_diff": 0,
          "source": "hotel",
          "store": [Circular],
          "total_profit": 747.71,
          "updated_at": "2019-12-12 15:59:01",
        },
        FinanceActionModel {
          "action_id": 7464600737,
          "action_state": "paid",
          "action_type": undefined,
          "campaign_id": 100,
          "campaign_name": "Aviasales / Jetradar",
          "created_at": "2019-12-09 08:39:21",
          "description": "Oneway: Bangkok(BKK) - Kyiv(IEV); 2020-01-18; SmartFares; Economy; 1 Adult",
          "id": 7464600737,
          "marker": "axion",
          "price": 30122,
          "profit_diff": 0,
          "source": "avia",
          "store": [Circular],
          "total_profit": 715.1,
          "updated_at": "2019-12-10 05:58:30",
        },
        FinanceActionModel {
          "action_id": 7834981356,
          "action_state": "paid",
          "action_type": undefined,
          "campaign_id": 100,
          "campaign_name": "Aviasales / Jetradar",
          "created_at": "2019-10-10 05:27:53",
          "description": "RT: Phuket(HKT) - Jeju(CJU); 2019-10-17 - 2019-10-24; Travelgenio; Economy; 2 Adults",
          "id": 7834981356,
          "marker": "",
          "price": 41871,
          "profit_diff": 0,
          "source": "avia",
          "store": [Circular],
          "total_profit": 513.43,
          "updated_at": "2019-10-10 03:42:51",
        },
        FinanceActionModel {
          "action_id": 6844644108,
          "action_state": "cancelled",
          "action_type": undefined,
          "campaign_id": 100,
          "campaign_name": "Aviasales / Jetradar",
          "created_at": "2019-08-10 09:44:16",
          "description": "Oneway: Singapore(SIN) - Phuket(HKT); 2019-08-24; Trip.com; Economy; 2 Adults",
          "id": 6844644108,
          "marker": "",
          "price": 5644,
          "profit_diff": 0,
          "source": "avia",
          "store": [Circular],
          "total_profit": 0,
          "updated_at": "2019-10-02 06:51:35",
        },
        FinanceActionModel {
          "action_id": 6844939884,
          "action_state": "paid",
          "action_type": undefined,
          "campaign_id": 100,
          "campaign_name": "Aviasales / Jetradar",
          "created_at": "2019-08-10 10:14:49",
          "description": "Oneway: Singapore(SIN) - Phuket(HKT); 2019-08-24; Trip.com; Economy; 2 Adults",
          "id": 6844939884,
          "marker": "",
          "price": 5644,
          "profit_diff": 0,
          "source": "avia",
          "store": [Circular],
          "total_profit": 50.8,
          "updated_at": "2019-10-02 06:50:03",
        },
        FinanceActionModel {
          "action_id": 6844492290,
          "action_state": "paid",
          "action_type": undefined,
          "campaign_id": 100,
          "campaign_name": "Aviasales / Jetradar",
          "created_at": "2019-08-10 09:14:09",
          "description": "Oneway: Kuala Lumpur(KUL) - Singapore(SIN); 2019-08-21; Trip.com; Economy; 2 Adults",
          "id": 6844492290,
          "marker": "",
          "price": 3923,
          "profit_diff": 0,
          "source": "avia",
          "store": [Circular],
          "total_profit": 35.31,
          "updated_at": "2019-10-02 06:49:44",
        },
        FinanceActionModel {
          "action_id": 7233841838,
          "action_state": "paid",
          "action_type": undefined,
          "campaign_id": 100,
          "campaign_name": "Aviasales / Jetradar",
          "created_at": "2019-09-05 09:16:00",
          "description": "Oneway: Moscow(MOW) - Kazan(KZN); 2019-09-29; KupiBilet.ru; Economy; 1 Adult",
          "id": 7233841838,
          "marker": "",
          "price": 3385,
          "profit_diff": 0,
          "source": "avia",
          "store": [Circular],
          "total_profit": 84.29,
          "updated_at": "2019-09-05 09:28:23",
        },
        FinanceActionModel {
          "action_id": 38909306,
          "action_state": "cancelled",
          "action_type": undefined,
          "campaign_id": 101,
          "campaign_name": "Hotellook",
          "created_at": "2019-01-21 02:43:41",
          "description": "Malyye Krutitsy(Russia); Vega Izmailovo Hotel & Convention Center; 2019-02-11 - 2019-02-14; Booking.com; 2 Guests",
          "id": 38909306,
          "marker": "",
          "price": null,
          "profit_diff": 0,
          "source": "hotel",
          "store": [Circular],
          "total_profit": 0,
          "updated_at": "2019-08-31 22:26:57",
        },
        FinanceActionModel {
          "action_id": 4401020190826,
          "action_state": "paid",
          "action_type": undefined,
          "campaign_id": 100,
          "campaign_name": "Aviasales / Jetradar",
          "created_at": "2019-08-26 00:00:00",
          "description": "",
          "id": 4401020190826,
          "marker": "",
          "price": null,
          "profit_diff": 0,
          "source": "clicktripz",
          "store": [Circular],
          "total_profit": 0.4,
          "updated_at": "2019-08-29 03:00:08",
        },
        FinanceActionModel {
          "action_id": 6844518185,
          "action_state": "paid",
          "action_type": undefined,
          "campaign_id": 100,
          "campaign_name": "Aviasales / Jetradar",
          "created_at": "2019-08-10 12:06:04",
          "description": "Oneway: Phuket(HKT) - Kuala Lumpur(KUL); 2019-08-19; Mytrip.com; Economy; 2 Adults",
          "id": 6844518185,
          "marker": "",
          "price": 8568,
          "profit_diff": 0,
          "source": "avia",
          "store": [Circular],
          "total_profit": 128.48,
          "updated_at": "2019-08-10 09:47:18",
        },
        FinanceActionModel {
          "action_id": 4401020190716,
          "action_state": "paid",
          "action_type": undefined,
          "campaign_id": 100,
          "campaign_name": "Aviasales / Jetradar",
          "created_at": "2019-07-16 00:00:00",
          "description": "",
          "id": 4401020190716,
          "marker": "",
          "price": null,
          "profit_diff": 0,
          "source": "clicktripz",
          "store": [Circular],
          "total_profit": 4.15,
          "updated_at": "2019-07-18 06:00:17",
        },
        FinanceActionModel {
          "action_id": 6116123064,
          "action_state": "cancelled",
          "action_type": undefined,
          "campaign_id": 100,
          "campaign_name": "Aviasales / Jetradar",
          "created_at": "2019-05-28 06:54:06",
          "description": "Oneway: Moscow(MOW) - Phuket(HKT); 2019-06-14; Kiwi.com; Economy; 1 Adult",
          "id": 6116123064,
          "marker": "342342",
          "price": 21127,
          "profit_diff": 0,
          "source": "avia",
          "store": [Circular],
          "total_profit": 0,
          "updated_at": "2019-05-29 02:47:01",
        },
        FinanceActionModel {
          "action_id": 4401020190422,
          "action_state": "paid",
          "action_type": undefined,
          "campaign_id": 100,
          "campaign_name": "Aviasales / Jetradar",
          "created_at": "2019-04-22 00:00:00",
          "description": "",
          "id": 4401020190422,
          "marker": "",
          "price": null,
          "profit_diff": 0,
          "source": "clicktripz",
          "store": [Circular],
          "total_profit": 0.38,
          "updated_at": "2019-04-24 10:28:51",
        },
        FinanceActionModel {
          "action_id": 28658951,
          "action_state": "cancelled",
          "action_type": undefined,
          "campaign_id": 101,
          "campaign_name": "Hotellook",
          "created_at": "2018-11-03 13:16:33",
          "description": "Tokyo(Japan); Super Hotel Lohas Ikebukuro-Eki Kitaguchi; 2018-11-14 - 2018-11-15; Agoda",
          "id": 28658951,
          "marker": "",
          "price": null,
          "profit_diff": 0,
          "source": "hotel",
          "store": [Circular],
          "total_profit": 0,
          "updated_at": "2019-04-11 11:03:08",
        },
        FinanceActionModel {
          "action_id": 28673513,
          "action_state": "cancelled",
          "action_type": undefined,
          "campaign_id": 101,
          "campaign_name": "Hotellook",
          "created_at": "2018-11-03 13:39:35",
          "description": "Nikko(Japan); Sudomari Hotel Roman Tsutsuji; 2018-11-15 - 2018-11-16; Agoda; 2 Guests",
          "id": 28673513,
          "marker": "",
          "price": null,
          "profit_diff": 0,
          "source": "hotel",
          "store": [Circular],
          "total_profit": 0,
          "updated_at": "2019-04-11 11:03:08",
        },
        FinanceActionModel {
          "action_id": 4401020190408,
          "action_state": "paid",
          "action_type": undefined,
          "campaign_id": 100,
          "campaign_name": "Aviasales / Jetradar",
          "created_at": "2019-04-08 00:00:00",
          "description": "",
          "id": 4401020190408,
          "marker": "",
          "price": null,
          "profit_diff": 0,
          "source": "clicktripz",
          "store": [Circular],
          "total_profit": 0.39,
          "updated_at": "2019-04-09 14:02:18",
        },
        FinanceActionModel {
          "action_id": 1466035311583097900,
          "action_state": "paid",
          "action_type": undefined,
          "campaign_id": 100,
          "campaign_name": "Aviasales / Jetradar",
          "created_at": "2019-04-04 02:54:13",
          "description": "Gotogate; Economy; 1 Adult",
          "id": 1466035311583097900,
          "marker": "",
          "price": 56373,
          "profit_diff": 0,
          "source": "avia_ppc_clicks",
          "store": [Circular],
          "total_profit": 17.59,
          "updated_at": "2019-04-04 02:54:13",
        },
        FinanceActionModel {
          "action_id": 1465289674993483800,
          "action_state": "paid",
          "action_type": undefined,
          "campaign_id": 100,
          "campaign_name": "Aviasales / Jetradar",
          "created_at": "2019-04-03 02:12:46",
          "description": "Gotogate; Economy; 1 Adult",
          "id": 1465289674993483800,
          "marker": "",
          "price": 56516,
          "profit_diff": 0,
          "source": "avia_ppc_clicks",
          "store": [Circular],
          "total_profit": 17.56,
          "updated_at": "2019-04-03 02:12:46",
        },
        FinanceActionModel {
          "action_id": 28731121,
          "action_state": "paid",
          "action_type": undefined,
          "campaign_id": 101,
          "campaign_name": "Hotellook",
          "created_at": "2018-11-03 14:59:42",
          "description": "Tokyo(Japan); APA Hotel & Resort Nishishinjuku-Gochome-Eki Tower; 2018-11-14 - 2018-11-16; Agoda",
          "id": 28731121,
          "marker": "",
          "price": null,
          "profit_diff": 0,
          "source": "hotel",
          "store": [Circular],
          "total_profit": 127.39,
          "updated_at": "2019-03-30 19:42:44",
        },
        FinanceActionModel {
          "action_id": 28704258,
          "action_state": "paid",
          "action_type": undefined,
          "campaign_id": 101,
          "campaign_name": "Hotellook",
          "created_at": "2018-11-03 14:24:11",
          "description": "Nikko(Japan); Sudomari Hotel Roman Tsutsuji; 2018-11-16 - 2018-11-17; Agoda",
          "id": 28704258,
          "marker": "",
          "price": null,
          "profit_diff": 0,
          "source": "hotel",
          "store": [Circular],
          "total_profit": -64.19,
          "updated_at": "2019-03-30 19:42:44",
        },
        FinanceActionModel {
          "action_id": 38278395,
          "action_state": "paid",
          "action_type": undefined,
          "campaign_id": 101,
          "campaign_name": "Hotellook",
          "created_at": "2018-12-02 13:17:36",
          "description": "Bangkok(Thailand); K Maison Boutique Hotel; 2018-12-04 - 2018-12-06; Agoda",
          "id": 38278395,
          "marker": "",
          "price": null,
          "profit_diff": 0,
          "source": "hotel",
          "store": [Circular],
          "total_profit": 35.53,
          "updated_at": "2019-03-29 19:46:52",
        },
        FinanceActionModel {
          "action_id": 9173854068286004,
          "action_state": "paid",
          "action_type": undefined,
          "campaign_id": 91,
          "campaign_name": "Omio",
          "created_at": "2019-02-21 14:37:42",
          "description": "Online Lead, Referring Domain: goeuro-widget-test.surge.sh, Customer from: St Petersburg, RU. Click date: 2019-02-21",
          "id": 9173854068286004,
          "marker": "testgoeuro",
          "price": null,
          "profit_diff": 0,
          "source": "klit",
          "store": [Circular],
          "total_profit": 18.44,
          "updated_at": "2019-03-15 23:15:20",
        },
        FinanceActionModel {
          "action_id": 9173854069246772,
          "action_state": "paid",
          "action_type": undefined,
          "campaign_id": 91,
          "campaign_name": "Omio",
          "created_at": "2019-02-22 12:41:03",
          "description": "Online Lead, Referring Domain: goeuro-widget-test.surge.sh, Customer from: Phuket, TH. Click date: 2019-02-22",
          "id": 9173854069246772,
          "marker": "testgoeuro",
          "price": null,
          "profit_diff": 0,
          "source": "klit",
          "store": [Circular],
          "total_profit": 18.44,
          "updated_at": "2019-03-15 23:15:20",
        },
        FinanceActionModel {
          "action_id": 9173854068285256,
          "action_state": "paid",
          "action_type": undefined,
          "campaign_id": 91,
          "campaign_name": "Omio",
          "created_at": "2019-02-21 14:30:37",
          "description": "Online Lead, Referring Domain: goeuro-widget-test.surge.sh, Customer from: Phuket, TH. Click date: 2019-02-21",
          "id": 9173854068285256,
          "marker": "testgoeuro",
          "price": null,
          "profit_diff": 0,
          "source": "klit",
          "store": [Circular],
          "total_profit": 18.44,
          "updated_at": "2019-03-15 23:15:20",
        },
        FinanceActionModel {
          "action_id": 9173854068286684,
          "action_state": "paid",
          "action_type": undefined,
          "campaign_id": 91,
          "campaign_name": "Omio",
          "created_at": "2019-02-21 14:47:47",
          "description": "Online Lead, Referring Domain: goeuro-widget-test.surge.sh, Customer from: Phuket, TH. Click date: 2019-02-21",
          "id": 9173854068286684,
          "marker": "testgoeuro",
          "price": null,
          "profit_diff": 0,
          "source": "klit",
          "store": [Circular],
          "total_profit": 18.44,
          "updated_at": "2019-03-15 23:15:20",
        },
        FinanceActionModel {
          "action_id": 9173854068285696,
          "action_state": "paid",
          "action_type": undefined,
          "campaign_id": 91,
          "campaign_name": "Omio",
          "created_at": "2019-02-21 14:35:40",
          "description": "Online Lead, Referring Domain: goeuro-widget-test.surge.sh, Customer from: Phuket, TH. Click date: 2019-02-21",
          "id": 9173854068285696,
          "marker": "testgoeuro",
          "price": null,
          "profit_diff": 0,
          "source": "klit",
          "store": [Circular],
          "total_profit": 18.44,
          "updated_at": "2019-03-15 23:15:20",
        },
        FinanceActionModel {
          "action_id": 25456815,
          "action_state": "paid",
          "action_type": undefined,
          "campaign_id": 101,
          "campaign_name": "Hotellook",
          "created_at": "2018-10-28 14:33:38",
          "description": "Fujiyoshida(Japan); Fuji Matsuyama Base; 2018-11-13 - 2018-11-14; Booking.com; 2 Guests",
          "id": 25456815,
          "marker": "",
          "price": null,
          "profit_diff": 0,
          "source": "hotel",
          "store": [Circular],
          "total_profit": 0,
          "updated_at": "2019-03-10 02:38:08",
        },
        FinanceActionModel {
          "action_id": 38537789,
          "action_state": "paid",
          "action_type": undefined,
          "campaign_id": 101,
          "campaign_name": "Hotellook",
          "created_at": "2018-12-23 07:29:52",
          "description": "Mariposa(United States); Quality Inn Yosemite Valley Gateway; 2019-01-02 - 2019-01-04; Booking.com",
          "id": 38537789,
          "marker": "wpplugin_hotelsselections.%2469",
          "price": null,
          "profit_diff": 0,
          "source": "hotel",
          "store": [Circular],
          "total_profit": 0,
          "updated_at": "2019-03-10 02:22:56",
        },
        FinanceActionModel {
          "action_id": 38515592,
          "action_state": "paid",
          "action_type": undefined,
          "campaign_id": 101,
          "campaign_name": "Hotellook",
          "created_at": "2018-12-16 10:11:16",
          "description": "Las Vegas(United States); Luxury Suites International at The Signature; 2019-01-04 - 2019-01-08; Booking.com; 2 Guests",
          "id": 38515592,
          "marker": "",
          "price": null,
          "profit_diff": 0,
          "source": "hotel",
          "store": [Circular],
          "total_profit": 0,
          "updated_at": "2019-03-10 02:21:53",
        },
        FinanceActionModel {
          "action_id": 38564054,
          "action_state": "paid",
          "action_type": undefined,
          "campaign_id": 101,
          "campaign_name": "Hotellook",
          "created_at": "2019-01-01 20:06:03",
          "description": "Three Rivers(United States); Comfort Inn & Suites Sequoia Kings Canyon - Three Rivers; 2019-01-01 - 2019-01-02; Booking.com",
          "id": 38564054,
          "marker": "",
          "price": null,
          "profit_diff": 0,
          "source": "hotel",
          "store": [Circular],
          "total_profit": 0,
          "updated_at": "2019-03-10 02:17:03",
        },
        FinanceActionModel {
          "action_id": 7996989,
          "action_state": "cancelled",
          "action_type": undefined,
          "campaign_id": 101,
          "campaign_name": "Hotellook",
          "created_at": "2018-04-15 13:08:30",
          "description": "Nikko(Japan); Kagoiwa Onsen Ryokan; 2018-05-08 - 2018-05-09; Booking.com",
          "id": 7996989,
          "marker": "",
          "price": null,
          "profit_diff": 0,
          "source": "hotel",
          "store": [Circular],
          "total_profit": 0,
          "updated_at": "2019-03-10 00:25:11",
        },
        FinanceActionModel {
          "action_id": 7993801,
          "action_state": "cancelled",
          "action_type": undefined,
          "campaign_id": 101,
          "campaign_name": "Hotellook",
          "created_at": "2018-04-15 05:12:02",
          "description": "Hakone(Japan); Yutorelo-an; 2018-05-08 - 2018-05-09; Booking.com; 2 Guests",
          "id": 7993801,
          "marker": "",
          "price": null,
          "profit_diff": 0,
          "source": "hotel",
          "store": [Circular],
          "total_profit": 0,
          "updated_at": "2019-03-10 00:24:31",
        },
        FinanceActionModel {
          "action_id": 7965874,
          "action_state": "cancelled",
          "action_type": undefined,
          "campaign_id": 101,
          "campaign_name": "Hotellook",
          "created_at": "2018-04-12 09:34:27",
          "description": "Kawasaki(Japan); HISAYO INN; 2018-05-03 - 2018-05-04; Booking.com; 2 Guests",
          "id": 7965874,
          "marker": "",
          "price": null,
          "profit_diff": 0,
          "source": "hotel",
          "store": [Circular],
          "total_profit": 0,
          "updated_at": "2019-03-10 00:23:33",
        },
        FinanceActionModel {
          "action_id": 7985169,
          "action_state": "cancelled",
          "action_type": undefined,
          "campaign_id": 101,
          "campaign_name": "Hotellook",
          "created_at": "2018-04-14 07:21:45",
          "description": "Hakone(Japan); Yutorelo-an; 2018-05-08 - 2018-05-09; Booking.com; 2 Guests",
          "id": 7985169,
          "marker": "",
          "price": null,
          "profit_diff": 0,
          "source": "hotel",
          "store": [Circular],
          "total_profit": 0,
          "updated_at": "2019-03-10 00:23:03",
        },
        FinanceActionModel {
          "action_id": 7958944,
          "action_state": "cancelled",
          "action_type": undefined,
          "campaign_id": 101,
          "campaign_name": "Hotellook",
          "created_at": "2018-04-11 15:41:04",
          "description": "Tokyo(Japan); APA Hotel Hanzomon Hirakawacho; 2018-05-03 - 2018-05-08; Booking.com",
          "id": 7958944,
          "marker": "",
          "price": null,
          "profit_diff": 0,
          "source": "hotel",
          "store": [Circular],
          "total_profit": 0,
          "updated_at": "2019-03-10 00:21:17",
        },
        FinanceActionModel {
          "action_id": 627385395765447,
          "action_state": "cancelled",
          "action_type": undefined,
          "campaign_id": 62,
          "campaign_name": "GoCityCard",
          "created_at": "2018-11-01 21:53:24",
          "description": "error booking",
          "id": 627385395765447,
          "marker": "",
          "price": null,
          "profit_diff": 0,
          "source": "klit",
          "store": [Circular],
          "total_profit": 0,
          "updated_at": "2019-02-18 11:11:23",
        },
        FinanceActionModel {
          "action_id": 627385395766125,
          "action_state": "cancelled",
          "action_type": undefined,
          "campaign_id": 62,
          "campaign_name": "GoCityCard",
          "created_at": "2018-11-01 21:55:03",
          "description": "error booking",
          "id": 627385395766125,
          "marker": "",
          "price": 628.54,
          "profit_diff": 0,
          "source": "klit",
          "store": [Circular],
          "total_profit": 0,
          "updated_at": "2019-02-18 11:11:23",
        },
        FinanceActionModel {
          "action_id": 627385392985786,
          "action_state": "cancelled",
          "action_type": undefined,
          "campaign_id": 62,
          "campaign_name": "GoCityCard",
          "created_at": "2018-10-04 23:25:04",
          "description": "error booking",
          "id": 627385392985786,
          "marker": "",
          "price": null,
          "profit_diff": 0,
          "source": "klit",
          "store": [Circular],
          "total_profit": 0,
          "updated_at": "2019-02-18 11:11:17",
        },
        FinanceActionModel {
          "action_id": 62738539198991,
          "action_state": "cancelled",
          "action_type": undefined,
          "campaign_id": 62,
          "campaign_name": "GoCityCard",
          "created_at": "2018-09-24 16:34:01",
          "description": "error booking",
          "id": 62738539198991,
          "marker": "",
          "price": null,
          "profit_diff": 0,
          "source": "klit",
          "store": [Circular],
          "total_profit": 0,
          "updated_at": "2019-02-18 11:11:15",
        },
        FinanceActionModel {
          "action_id": 627385391413118,
          "action_state": "cancelled",
          "action_type": undefined,
          "campaign_id": 62,
          "campaign_name": "GoCityCard",
          "created_at": "2018-09-19 17:03:01",
          "description": "error booking",
          "id": 627385391413118,
          "marker": "",
          "price": null,
          "profit_diff": 0,
          "source": "klit",
          "store": [Circular],
          "total_profit": 0,
          "updated_at": "2019-02-18 11:11:15",
        },
        FinanceActionModel {
          "action_id": 627385390734373,
          "action_state": "cancelled",
          "action_type": undefined,
          "campaign_id": 62,
          "campaign_name": "GoCityCard",
          "created_at": "2018-09-12 20:08:36",
          "description": "error booking",
          "id": 627385390734373,
          "marker": "",
          "price": null,
          "profit_diff": 0,
          "source": "klit",
          "store": [Circular],
          "total_profit": 0,
          "updated_at": "2019-02-18 11:11:14",
        },
        FinanceActionModel {
          "action_id": 627385391343257,
          "action_state": "cancelled",
          "action_type": undefined,
          "campaign_id": 62,
          "campaign_name": "GoCityCard",
          "created_at": "2018-09-18 20:28:48",
          "description": "error booking",
          "id": 627385391343257,
          "marker": "",
          "price": null,
          "profit_diff": 0,
          "source": "klit",
          "store": [Circular],
          "total_profit": 0,
          "updated_at": "2019-02-18 11:11:14",
        },
        FinanceActionModel {
          "action_id": 627385391343631,
          "action_state": "cancelled",
          "action_type": undefined,
          "campaign_id": 62,
          "campaign_name": "GoCityCard",
          "created_at": "2018-09-18 20:30:24",
          "description": "error booking",
          "id": 627385391343631,
          "marker": "",
          "price": 636.63,
          "profit_diff": 0,
          "source": "klit",
          "store": [Circular],
          "total_profit": 0,
          "updated_at": "2019-02-18 11:11:14",
        },
        FinanceActionModel {
          "action_id": 62738539136629,
          "action_state": "cancelled",
          "action_type": undefined,
          "campaign_id": 62,
          "campaign_name": "GoCityCard",
          "created_at": "2018-09-18 16:03:00",
          "description": "error booking",
          "id": 62738539136629,
          "marker": "",
          "price": null,
          "profit_diff": 0,
          "source": "klit",
          "store": [Circular],
          "total_profit": 0,
          "updated_at": "2019-02-18 11:11:14",
        },
        FinanceActionModel {
          "action_id": 627385391312424,
          "action_state": "cancelled",
          "action_type": undefined,
          "campaign_id": 62,
          "campaign_name": "GoCityCard",
          "created_at": "2018-09-18 17:06:32",
          "description": "error booking",
          "id": 627385391312424,
          "marker": "",
          "price": null,
          "profit_diff": 0,
          "source": "klit",
          "store": [Circular],
          "total_profit": 0,
          "updated_at": "2019-02-18 11:11:14",
        },
        FinanceActionModel {
          "action_id": 62738539135311,
          "action_state": "cancelled",
          "action_type": undefined,
          "campaign_id": 62,
          "campaign_name": "GoCityCard",
          "created_at": "2018-09-18 15:49:25",
          "description": "error booking",
          "id": 62738539135311,
          "marker": "",
          "price": null,
          "profit_diff": 0,
          "source": "klit",
          "store": [Circular],
          "total_profit": 0,
          "updated_at": "2019-02-18 11:11:14",
        },
        FinanceActionModel {
          "action_id": 627385389869577,
          "action_state": "cancelled",
          "action_type": undefined,
          "campaign_id": 62,
          "campaign_name": "GoCityCard",
          "created_at": "2018-09-03 22:38:13",
          "description": "error booking",
          "id": 627385389869577,
          "marker": "",
          "price": 632.04,
          "profit_diff": 0,
          "source": "klit",
          "store": [Circular],
          "total_profit": 0,
          "updated_at": "2019-02-18 11:11:13",
        },
        FinanceActionModel {
          "action_id": 917385395766125,
          "action_state": "paid",
          "action_type": undefined,
          "campaign_id": 91,
          "campaign_name": "Omio",
          "created_at": "2018-11-01 21:55:03",
          "description": "Online Sale, Referring Domain: goeuro-test.surge.sh, Customer from: Warsaw, PL. Click date: 2018-11-01",
          "id": 917385395766125,
          "marker": "",
          "price": 628.54,
          "profit_diff": 0,
          "source": "klit",
          "store": [Circular],
          "total_profit": 0,
          "updated_at": "2019-02-18 08:28:59",
        },
        FinanceActionModel {
          "action_id": 917385395765447,
          "action_state": "paid",
          "action_type": undefined,
          "campaign_id": 91,
          "campaign_name": "Omio",
          "created_at": "2018-11-01 21:53:24",
          "description": "Online Lead, Referring Domain: goeuro-test.surge.sh, Customer from: Warsaw, PL. Click date: 2018-11-01",
          "id": 917385395765447,
          "marker": "",
          "price": null,
          "profit_diff": 0,
          "source": "klit",
          "store": [Circular],
          "total_profit": 0,
          "updated_at": "2019-02-18 08:28:59",
        },
        FinanceActionModel {
          "action_id": 917385392985786,
          "action_state": "paid",
          "action_type": undefined,
          "campaign_id": 91,
          "campaign_name": "Omio",
          "created_at": "2018-10-04 23:25:04",
          "description": "Online Lead, Referring Domain: goeuro-test.surge.sh, Customer from: Berlin, DE. Click date: 2018-10-04",
          "id": 917385392985786,
          "marker": "",
          "price": null,
          "profit_diff": 0,
          "source": "klit",
          "store": [Circular],
          "total_profit": 0,
          "updated_at": "2019-02-18 08:28:47",
        },
        FinanceActionModel {
          "action_id": 91738539198991,
          "action_state": "paid",
          "action_type": undefined,
          "campaign_id": 91,
          "campaign_name": "Omio",
          "created_at": "2018-09-24 16:34:01",
          "description": "Online Lead, Referring Domain: goeuro-test.surge.sh, Customer from: Berlin, DE. Click date: 2018-09-24",
          "id": 91738539198991,
          "marker": "",
          "price": null,
          "profit_diff": 0,
          "source": "klit",
          "store": [Circular],
          "total_profit": 0,
          "updated_at": "2019-02-18 08:28:43",
        },
        FinanceActionModel {
          "action_id": 917385391343257,
          "action_state": "paid",
          "action_type": undefined,
          "campaign_id": 91,
          "campaign_name": "Omio",
          "created_at": "2018-09-18 20:28:48",
          "description": "Online Lead, Referring Domain: goeuro-test.surge.sh, Customer from: Berlin, DE. Click date: 2018-09-18",
          "id": 917385391343257,
          "marker": "",
          "price": null,
          "profit_diff": 0,
          "source": "klit",
          "store": [Circular],
          "total_profit": 0,
          "updated_at": "2019-02-18 08:28:41",
        },
        FinanceActionModel {
          "action_id": 91738539135311,
          "action_state": "paid",
          "action_type": undefined,
          "campaign_id": 91,
          "campaign_name": "Omio",
          "created_at": "2018-09-18 15:49:25",
          "description": "Online Lead, Referring Domain: goeuro-test.surge.sh, Customer from: Berlin, DE. Click date: 2018-09-18",
          "id": 91738539135311,
          "marker": "",
          "price": null,
          "profit_diff": 0,
          "source": "klit",
          "store": [Circular],
          "total_profit": 0,
          "updated_at": "2019-02-18 08:28:41",
        },
        FinanceActionModel {
          "action_id": 917385391343631,
          "action_state": "paid",
          "action_type": undefined,
          "campaign_id": 91,
          "campaign_name": "Omio",
          "created_at": "2018-09-18 20:30:24",
          "description": "Online Sale, Referring Domain: goeuro-test.surge.sh, Customer from: Berlin, DE. Click date: 2018-09-18",
          "id": 917385391343631,
          "marker": "",
          "price": 636.63,
          "profit_diff": 0,
          "source": "klit",
          "store": [Circular],
          "total_profit": 0,
          "updated_at": "2019-02-18 08:28:41",
        },
        FinanceActionModel {
          "action_id": 917385391413118,
          "action_state": "paid",
          "action_type": undefined,
          "campaign_id": 91,
          "campaign_name": "Omio",
          "created_at": "2018-09-19 17:03:01",
          "description": "Online Lead, Referring Domain: goeuro-test.surge.sh, Customer from: Berlin, DE. Click date: 2018-09-19",
          "id": 917385391413118,
          "marker": "",
          "price": null,
          "profit_diff": 0,
          "source": "klit",
          "store": [Circular],
          "total_profit": 0,
          "updated_at": "2019-02-18 08:28:41",
        },
        FinanceActionModel {
          "action_id": 917385391312424,
          "action_state": "paid",
          "action_type": undefined,
          "campaign_id": 91,
          "campaign_name": "Omio",
          "created_at": "2018-09-18 17:06:32",
          "description": "Online Lead, Referring Domain: goeuro-test.surge.sh, Customer from: Berlin, DE. Click date: 2018-09-18",
          "id": 917385391312424,
          "marker": "",
          "price": null,
          "profit_diff": 0,
          "source": "klit",
          "store": [Circular],
          "total_profit": 0,
          "updated_at": "2019-02-18 08:28:41",
        },
        FinanceActionModel {
          "action_id": 91738539136629,
          "action_state": "paid",
          "action_type": undefined,
          "campaign_id": 91,
          "campaign_name": "Omio",
          "created_at": "2018-09-18 16:03:00",
          "description": "Online Lead, Referring Domain: goeuro-test.surge.sh, Customer from: Berlin, DE. Click date: 2018-09-18",
          "id": 91738539136629,
          "marker": "",
          "price": null,
          "profit_diff": 0,
          "source": "klit",
          "store": [Circular],
          "total_profit": 0,
          "updated_at": "2019-02-18 08:28:41",
        },
        FinanceActionModel {
          "action_id": 917385390734373,
          "action_state": "paid",
          "action_type": undefined,
          "campaign_id": 91,
          "campaign_name": "Omio",
          "created_at": "2018-09-12 20:08:36",
          "description": "Online Lead, Referring Domain: goeuro-test.surge.sh, Customer from: Berlin, DE. Click date: 2018-09-12",
          "id": 917385390734373,
          "marker": "",
          "price": null,
          "profit_diff": 0,
          "source": "klit",
          "store": [Circular],
          "total_profit": 0,
          "updated_at": "2019-02-18 08:28:40",
        },
        FinanceActionModel {
          "action_id": 917385389869577,
          "action_state": "paid",
          "action_type": undefined,
          "campaign_id": 91,
          "campaign_name": "Omio",
          "created_at": "2018-09-03 22:38:13",
          "description": "Online Sale, Referring Domain: goeuro-test.surge.sh, Customer from: Berlin, DE. Click date: 2018-09-03",
          "id": 917385389869577,
          "marker": "",
          "price": 632.04,
          "profit_diff": 0,
          "source": "klit",
          "store": [Circular],
          "total_profit": 0,
          "updated_at": "2019-02-18 08:28:39",
        },
        FinanceActionModel {
          "action_id": 1081181673,
          "action_state": "paid",
          "action_type": undefined,
          "campaign_id": 10,
          "campaign_name": "Economybookings",
          "created_at": "2019-01-05 02:49:40",
          "description": "Las Vegas Airport. (Las Vegas, USA Nevada) - Airport. (Las Vegas, USA Nevada). 04/01/2019 20:00:00 - 05/01/2019 20:00:00. Customer from: Ukraine, language: ru",
          "id": 1081181673,
          "marker": "",
          "price": 260.38,
          "profit_diff": 0,
          "source": "klit",
          "store": [Circular],
          "total_profit": 0,
          "updated_at": "2019-01-19 02:06:10",
        },
        FinanceActionModel {
          "action_id": 905379703,
          "action_state": "paid",
          "action_type": undefined,
          "campaign_id": 90,
          "campaign_name": "Autoeurope.com",
          "created_at": "2018-07-11 11:33:21",
          "description": "",
          "id": 905379703,
          "marker": "_tpform",
          "price": 16411.43,
          "profit_diff": 0,
          "source": "klit",
          "store": [Circular],
          "total_profit": 0,
          "updated_at": "2019-01-17 13:26:22",
        },
        FinanceActionModel {
          "action_id": 905380585,
          "action_state": "paid",
          "action_type": undefined,
          "campaign_id": 90,
          "campaign_name": "Autoeurope.com",
          "created_at": "2018-07-12 11:00:37",
          "description": "",
          "id": 905380585,
          "marker": "_tpform",
          "price": 3256.91,
          "profit_diff": 0,
          "source": "klit",
          "store": [Circular],
          "total_profit": 0,
          "updated_at": "2019-01-17 13:26:22",
        },
        FinanceActionModel {
          "action_id": 988075833808,
          "action_state": "paid",
          "action_type": undefined,
          "campaign_id": 98,
          "campaign_name": "Flixbus UA",
          "created_at": "2018-07-25 11:00:07",
          "description": "Customer from (TH), ip:115.31.149.218 Processing End Date: 2018-08-19 11:00:07",
          "id": 988075833808,
          "marker": "",
          "price": 22.98,
          "profit_diff": 0,
          "source": "klit",
          "store": [Circular],
          "total_profit": 0,
          "updated_at": "2018-10-05 13:04:21",
        },
        FinanceActionModel {
          "action_id": 978075833459,
          "action_state": "paid",
          "action_type": undefined,
          "campaign_id": 97,
          "campaign_name": "Flixbus RU",
          "created_at": "2018-07-25 10:57:29",
          "description": "Customer from (TH), ip:115.31.149.218 Processing End Date: 2018-08-19 10:57:29",
          "id": 978075833459,
          "marker": "",
          "price": 21.91,
          "profit_diff": 0,
          "source": "klit",
          "store": [Circular],
          "total_profit": 0,
          "updated_at": "2018-09-14 15:53:44",
        },
      ],
      "rootStore": RootStore {
        "financeActionsStore": FinanceActionsStore {
          "rootStore": [Circular],
        },
      },
    },
    "total_profit": 1450,
    "updated_at": "2020-01-11 07:57:08",
  },
}
`;
